
> folderwhisper@0.1.0 build
> next build

Γû▓ Next.js 16.1.6 (Turbopack)

  Creating an optimized production build ...
node.exe : Found 1 warning while optimizing 
generated CSS:
At line:1 char:1
+ & "C:\Program Files\nodejs/node.exe" "C:\Program 
Files\nodejs/node_mo ...
+ ~~~~~~~~~~~~~~~~~~~~~~~~~~~~~~~~~~~~~~~~~~~~~~~~~~~
~~~~~~~~~~~~~~~~~~
    + CategoryInfo          : NotSpecified: (Found 1 
    warning... generated CSS::String) [], RemoteExc  
  eption
    + FullyQualifiedErrorId : NativeCommandError
 

[2mΓöé   }[22m
[2mΓöé }[22m
[2mΓöé[22m @import url("https://fonts.googleapis.co
m/css2?family=Inter:wght@300;400;500;600;700;800&fami
ly=JetBrains+Mono:wght@400;500&display=swap");
[2mΓöå[22m        [33m[2m^--[22m @import rules 
must precede all rules aside from @charset and 
@layer statements[39m
[2mΓöå[22m
[2mΓöé :root {[22m
[2mΓöé   --bg-base: #080c14;[22m


> Build error occurred
Error: Turbopack build failed with 1 errors:
./node_modules/pdfjs-dist/legacy/build/pdf.js:10832:2
0
Module not found: Can't resolve 'canvas'
[0m [90m 10830 |[39m [36mclass[39m 
[33mNodeCanvasFactory[39m [36mextends[39m 
_base_factory[33m.[39m[33mBaseCanvasFactory[39m {
 [90m 10831 |[39m   _createCanvas(width[33m,[39m 
height) {
[31m[1m>[22m[39m[90m 10832 |[39m     
[36mconst[39m [33mCanvas[39m [33m=[39m 
require([32m"canvas"[39m)[33m;[39m
 [90m       |[39m                    [31m[1m^[22
m[39m[31m[1m^[22m[39m[31m[1m^[22m[39m[31m[
1m^[22m[39m[31m[1m^[22m[39m[31m[1m^[22m[39m
[31m[1m^[22m[39m[31m[1m^[22m[39m[31m[1m^[2
2m[39m[31m[1m^[22m[39m[31m[1m^[22m[39m[31m
[1m^[22m[39m[31m[1m^[22m[39m[31m[1m^[22m[39
m[31m[1m^[22m[39m[31m[1m^[22m[39m[31m[1m^[
22m[39m
 [90m 10833 |[39m     [36mreturn[39m [33mCanvas
[39m[33m.[39mcreateCanvas(width[33m,[39m 
height)[33m;[39m
 [90m 10834 |[39m   }
 [90m 10835 |[39m }[0m



Import traces:
  Client Component Browser:
    ./node_modules/pdfjs-dist/legacy/build/pdf.js 
[Client Component Browser]
    ./src/lib/pdfExtractor.ts [Client Component 
Browser]
    ./src/hooks/useIndexing.ts [Client Component 
Browser]
    ./src/app/page.tsx [Client Component Browser]
    ./src/app/page.tsx [Server Component]

  Client Component SSR:
    ./node_modules/pdfjs-dist/legacy/build/pdf.js 
[Client Component SSR]
    ./src/lib/pdfExtractor.ts [Client Component SSR]
    ./src/hooks/useIndexing.ts [Client Component SSR]
    ./src/app/page.tsx [Client Component SSR]
    ./src/app/page.tsx [Server Component]

https://nextjs.org/docs/messages/module-not-found


    at <unknown> 
(https://nextjs.org/docs/messages/module-not-found)
